{
    "test_gatk4_genomicsdbimport_create_genomicsdb": {
        "content": [
            [
                "__tiledb_workspace.tdb",
                "callset.json",
                "chr22$1$40001",
                "vcfheader.vcf",
                "vidmap.json"
            ],
            {
                "versions_gatk4": [
                    [
                        "GATK4_GENOMICSDBIMPORT",
                        "gatk4",
                        "4.6.2.0"
                    ]
                ]
            }
        ],
        "timestamp": "2026-03-20T08:38:48.686378",
        "meta": {
            "nf-test": "0.9.5",
            "nextflow": "25.10.4"
        }
    },
    "test_gatk4_genomicsdbimport_stub": {
        "content": [
            {
                "0": [
                    [
                        {
                            "id": "test"
                        },
                        "test:md5,d41d8cd98f00b204e9800998ecf8427e"
                    ]
                ],
                "1": [
                    [
                        "GATK4_GENOMICSDBIMPORT",
                        "gatk4",
                        "4.6.2.0"
                    ]
                ],
                "genomicsdb": [
                    [
                        {
                            "id": "test"
                        },
                        "test:md5,d41d8cd98f00b204e9800998ecf8427e"
                    ]
                ],
                "versions_gatk4": [
                    [
                        "GATK4_GENOMICSDBIMPORT",
                        "gatk4",
                        "4.6.2.0"
                    ]
                ]
            }
        ],
        "timestamp": "2026-03-20T08:39:04.003985",
        "meta": {
            "nf-test": "0.9.5",
            "nextflow": "25.10.4"
        }
    }
}